#-----------------------------------------------------------
# Vivado v2017.4 (64-bit)
# SW Build 2086221 on Fri Dec 15 20:55:39 MST 2017
# IP Build 2085800 on Fri Dec 15 22:25:07 MST 2017
# Start of session at: Mon Apr  8 15:56:56 2019
# Process ID: 20792
# Current directory: C:/Users/11918/OneDrive/COA/COA2_FPGA/CPU/CPU_design1
# Command line: vivado.exe -gui_launcher_event rodinguilauncherevent21604 C:\Users\11918\OneDrive\COA\COA2_FPGA\CPU\CPU_design1\CPU_design1.xpr
# Log file: C:/Users/11918/OneDrive/COA/COA2_FPGA/CPU/CPU_design1/vivado.log
# Journal file: C:/Users/11918/OneDrive/COA/COA2_FPGA/CPU/CPU_design1\vivado.jou
#-----------------------------------------------------------
start_gui
open_project C:/Users/11918/OneDrive/COA/COA2_FPGA/CPU/CPU_design1/CPU_design1.xpr
update_compile_order -fileset sources_1
launch_simulation
open_wave_config C:/Users/11918/OneDrive/COA/COA2_FPGA/CPU/CPU_design1/test_behav.wcfg
source test.tcl
add_wave {{/test/C3}} 
restart
run 10 us
save_wave_config {C:/Users/11918/OneDrive/COA/COA2_FPGA/CPU/CPU_design1/test_behav.wcfg}
close_sim
launch_simulation
open_wave_config C:/Users/11918/OneDrive/COA/COA2_FPGA/CPU/CPU_design1/test_behav.wcfg
source test.tcl
close_sim
launch_simulation
open_wave_config C:/Users/11918/OneDrive/COA/COA2_FPGA/CPU/CPU_design1/test_behav.wcfg
source test.tcl
close_sim
launch_simulation
open_wave_config C:/Users/11918/OneDrive/COA/COA2_FPGA/CPU/CPU_design1/test_behav.wcfg
source test.tcl
save_wave_config {C:/Users/11918/OneDrive/COA/COA2_FPGA/CPU/CPU_design1/test_behav.wcfg}
close_sim
launch_simulation
open_wave_config C:/Users/11918/OneDrive/COA/COA2_FPGA/CPU/CPU_design1/test_behav.wcfg
source test.tcl
close_sim
launch_simulation
open_wave_config C:/Users/11918/OneDrive/COA/COA2_FPGA/CPU/CPU_design1/test_behav.wcfg
source test.tcl
close_sim
